// Jest Snapshot v1, https://goo.gl/fbAQLP

exports[`Home Page renders correctly 1`] = `
<DocumentFragment>
  <h1
    class="govuk-heading-l"
  >
    Register or update a 406 MHz beacon
  </h1>
  <p
    class="govuk-body"
  >
    Use this service to register or update an existing 406MHz distress beacon.
  </p>
  <h2
    class="govuk-heading-m"
  >
    How long it takes
  </h2>
  <p
    class="govuk-body"
  >
    TO UPDATE: It takes up to xxx weeks to register your beacon online.
  </p>
  <h2
    class="govuk-heading-m"
  >
    Before you start
  </h2>
  <p
    class="govuk-body"
  >
    TO UPDATE: You will need certain information before you start.
  </p>
  <a
    class="govuk-button govuk-button--start"
    data-module="govuk-button"
    draggable="false"
    href="#"
    role="button"
  >
    Start now
    <svg
      aria-hidden="true"
      class="govuk-button__start-icon"
      focusable="false"
      height="19"
      viewBox="0 0 33 40"
      width="17.5"
      xmlns="http://www.w3.org/2000/svg"
    >
      <path
        d="M0 0h13l20 20-20 20H0l20-20z"
        fill="currentColor"
      />
    </svg>
  </a>
  <h2
    class="govuk-heading-m"
  >
    Other ways to apply
  </h2>
  <p
    class="govuk-body"
  >
    TO UPDATE: You can request postal forms by emailing.
  </p>
</DocumentFragment>
`;
