// Jest Snapshot v1, https://goo.gl/fbAQLP

exports[`Home Page renders correctly 1`] = `
<DocumentFragment>
  <h1
    class="govuk-heading-l"
  >
    Register or update a 406 MHz beacon
  </h1>
  <p
    class="govuk-body"
  >
    Use this service to register or update an existing 406MHz distress beacon.
  </p>
  <h2
    class="govuk-heading-m"
  >
    How long it takes
  </h2>
  <p
    class="govuk-body"
  >
    TO UPDATE: It takes up to xxx weeks to register your beacon online.
  </p>
  <h2
    class="govuk-heading-m"
  >
    Before you start
  </h2>
  <p
    class="govuk-body"
  >
    TO UPDATE: You will need certain information before you start.
  </p>
</DocumentFragment>
`;
