// Jest Snapshot v1, https://goo.gl/fbAQLP

exports[`Aside renders correctly 1`] = `
<DocumentFragment>
  <aside
    class="related_items"
    role="complementary"
  >
    <h2
      class="govuk-heading-m"
      id="subsection-title"
    >
      Beacons registration
    </h2>
    <nav
      aria-labelledby="subsection-title"
      role="navigation"
    >
      <h1>
        Beacons Registration
      </h1>
    </nav>
  </aside>
</DocumentFragment>
`;
