// Jest Snapshot v1, https://goo.gl/fbAQLP

exports[`McaLogo component renders correctly 1`] = `
<DocumentFragment>
  <a
    class="govuk-body govuk-!-margin-bottom-3"
    href="https://gov.uk/mca"
  >
    <img
      alt="mca logo"
      src="../assets/images/mca-logo.png"
    />
  </a>
</DocumentFragment>
`;
