// Jest Snapshot v1, https://goo.gl/fbAQLP

exports[`Panel component renders correctly 1`] = `
<DocumentFragment>
  <div
    class="govuk-panel govuk-panel--confirmation"
  >
    <h1
      class="govuk-panel__title"
    >
      Test
    </h1>
    <div
      class="govuk-panel__body"
    />
  </div>
</DocumentFragment>
`;
