// Jest Snapshot v1, https://goo.gl/fbAQLP

exports[`Radio List component renders correctly with div inside 1`] = `
<DocumentFragment>
  <div
    class="govuk-radios "
  >
    <div />
  </div>
</DocumentFragment>
`;

exports[`Radio List component renders correctly with radio list item inside 1`] = `
<DocumentFragment>
  <div
    class="govuk-radios "
  >
    <div
      class="govuk-radios__item"
    >
      <input
        aria-describedby="test001-hint"
        class="govuk-radios__input"
        id="test001"
        name="test001"
        type="radio"
        value="test001"
      />
      <label
        class="govuk-label govuk-radios__label"
        for="test001"
      >
        test001
      </label>
    </div>
  </div>
</DocumentFragment>
`;
